[1;38;2;226;232;240mWORKERS (3)[0m
[2m  [1;38;2;226;232;240mdoey_demo_2_2[0m  [3;2;38;2;100;116;139mRESERVED[0m                                                                                              [2;38;2;147;163;184m—[0m[0m
[2m  [1;38;2;226;232;240mdoey_demo_2_3[0m  [3;2;38;2;100;116;139mRESERVED[0m                                                                                              [2;38;2;147;163;184m—[0m[0m
[2m  [1;38;2;226;232;240mdoey_demo_2_4[0m  [3;2;38;2;100;116;139mRESERVED[0m                                                                                              [2;38;2;147;163;184m—[0m[0m